<?xml version="1.0" encoding="utf-8"?><testsuites name="pytest tests"><testsuite name="pytest" errors="0" failures="3" skipped="0" tests="4" time="9.335" timestamp="2026-05-19T11:39:27.001869+05:30" hostname="Gouravs-MacBook-Pro.local"><testcase classname="tests_generated.test_user_can_click_login_button_to_submit_login_form" name="test_user_can_click_login_button_to_submit_login_form[chromium]" time="0.863"><failure message="Failed: unresolved NEEDS marker — step skipped: password input field distinct from &quot;Mobile / Email&quot;; unresolved NEEDS marker — step skipped: verification that login form is submitted (no element or URL change specified); NEEDS: password input field distinct from &quot;Mobile / Email&quot;; NEEDS: verification that login form is submitted (no element or URL change specified)">tests_generated/test_user_can_click_login_button_to_submit_login_form.py:5: in test_user_can_click_login_button_to_submit_login_form
    pytest.fail('unresolved NEEDS marker — step skipped: password input field distinct from "Mobile / Email"; unresolved NEEDS marker — step skipped: verification that login form is submitted (no element or URL change specified); NEEDS: password input field distinct from "Mobile / Email"; NEEDS: verification that login form is submitted (no element or URL change specified)')
E   Failed: unresolved NEEDS marker — step skipped: password input field distinct from "Mobile / Email"; unresolved NEEDS marker — step skipped: verification that login form is submitted (no element or URL change specified); NEEDS: password input field distinct from "Mobile / Email"; NEEDS: verification that login form is submitted (no element or URL change specified)</failure></testcase><testcase classname="tests_generated.test_user_can_enter_email_in_email_input_field" name="test_user_can_enter_email_in_email_input_field[chromium]" time="6.878"><failure message="AssertionError: Locator expected to have Value 'gouravbanerjee777@gmail.com'&#10;Actual value: None&#10;Error: element(s) not found &#10;Call log:&#10;  - Expect &quot;to_have_value&quot; with timeout 5000ms&#10;  - waiting for get_by_role(&quot;textbox&quot;, name=&quot;Mobile / Email&quot;, exact=True)">tests_generated/test_user_can_enter_email_in_email_input_field.py:11: in test_user_can_enter_email_in_email_input_field
    expect(email_input).to_have_value("gouravbanerjee777@gmail.com")
E   AssertionError: Locator expected to have Value 'gouravbanerjee777@gmail.com'
E   Actual value: None
E   Error: element(s) not found 
E   Call log:
E     - Expect "to_have_value" with timeout 5000ms
E     - waiting for get_by_role("textbox", name="Mobile / Email", exact=True)</failure></testcase><testcase classname="tests_generated.test_user_can_enter_password_in_password_input_field" name="test_user_can_enter_password_in_password_input_field[chromium]" time="0.150"><failure message="Failed: no real actions or assertions in the test body; unresolved NEEDS marker — step skipped: locator for password input field (no password input field present in sitemap); NEEDS: locator for password input field (no password input field present in sitemap)">tests_generated/test_user_can_enter_password_in_password_input_field.py:5: in test_user_can_enter_password_in_password_input_field
    pytest.fail('no real actions or assertions in the test body; unresolved NEEDS marker — step skipped: locator for password input field (no password input field present in sitemap); NEEDS: locator for password input field (no password input field present in sitemap)')
E   Failed: no real actions or assertions in the test body; unresolved NEEDS marker — step skipped: locator for password input field (no password input field present in sitemap); NEEDS: locator for password input field (no password input field present in sitemap)</failure></testcase><testcase classname="tests_generated.test_user_can_navigate_to_login_page" name="test_user_can_navigate_to_login_page[chromium]" time="1.422" /></testsuite></testsuites>